Note: 课堂笔记 2026/6/7 ( 1f30-2bb1 )
Audio: data/audio/1f30-2bb1.wav
---
[ASR] SiliconFlow transcribed 2480044 bytes -> 374 chars

### SenseVoiceSmall (4031ms, 374 chars):
现在是开始录。如果用的，我就主要的活动还有说是指的企业除了主品商品之外，他的业务获得的。就前面的例子当那个上司他把货卖了一定不是主营。他的业务收入体现在本上，人认为利润表和核心力非常是不是这在比他业务还包括技术转带高、产的出高物的运等这些工业性劳务数都叫起止收入是主营一部分呢是以企业的业务既主要的用，而且我们情况他是企业投资利润利息他的减去资损是一个收益的大概上来讲，主要的来源设降的几。那么一部不理解几个人说你怎么。那我们来数一下你的议程呃，业程我们能包含以及go超市进行销售，样的一基本的一程。采购的销售之下，又包括干蔗作作业比业务更小概念，可以称是一个做一个动连结成了业务这项动得完成。所以实际上是可业务流程一步的真的那如果我记得去大看你的业务能由弱作业每作业增值了增的作业会带来。容量首这。满足衡量收入也是以业务运行行汇报。在这样情况下。
[ASR] SiliconFlow transcribed 2480044 bytes -> 54 chars

### TeleSpeechASR (8182ms, 54 chars):
现在是开始录。业务说是指的企业除了领主要品商品。体现在了啥？其他业务还那现在好几个人一起说，你怎么？我之下。
[ASR] SiliconFlow error: 400 {"code":20012,"message":"Model does not exist. Please check it carefully.","data":null}

### CosyVoice2-0.5B (3251ms, 0 chars):

[ASR] MiMo mimo-v2.5-asr transcribed 2480044 bytes -> 438 chars

### mimo-v2.5-asr (9008ms, 438 chars):
现在是开始录。主要的活动，业务收入是指企业除营主要品、商品之外的业务获得的收入。就前面的例子当中，那个上司他把车卖了，一定不是主营业务。它的业务收入体现在表上，认为利润表和核心利润表是不是这样？再比如其他业务还包括技术转让、代工、出租、劳务等，这些工业性劳务收入都叫附属于收入。是主营业务部分呢？所以，正是因企业的业务既不主要的，又……而且我们的情况它是企业投资的利润的利息，它的减去损失是一个收益的。大概上来讲，主要的来源涉及这样的几点。那一步一步理解。那现在有几个人一起说你怎么了？那我们来数一下你的业务层。呃，业务层我们能包含：你进购、超市进行销售、赚取基本的业务层、采购的销售之下，又包括若干个作业。作业比业务更小概念，可以称是一个工作。一个动作连接成了业务这项动作的完成，所以实际上是可业务流程一部分的。真的？那如果我细的去下看，你的业务能由若干个作业构成。每个作业增值了，增值的作业会带来收入。如何量收？这不重要。而如何量收入也是以业务形态来。会吧？在这样情况下。
=== 纯纠错润色 (21135ms) ===
现在开始录。如果要说企业收入，除了主营商品销售外，还有其他业务获得的收入。就前面的例子，当某个上司把货卖了，这并不一定属于主营业务。这类收入通常体现在利润表上，而利润表与企业的核心竞争力密切相关。此外，企业业务还包括技术转让收入、产品销售收入、物流运输等工业性劳务收入，这些也属于主营业务的一部分。

企业收入的主要用途，通常是用于日常经营。同时，企业还会获得投资利润和利息，扣除资产损失后，构成企业的收益来源。

如果有人不理解，我们可以来梳理一下。企业的业务流程一般包括：采购、销售等基本环节。在销售之下，又包含各种具体的作业，这些作业比“业务”的概念更小，可以看作是一个个连贯的步骤，共同完成整项业务。

因此，实际上业务流程是一步步推进的。如果去看企业的业务，它由一系列作业组成，每项作业都会带来增值。业务的收入也是通过业务运行来体现的。

=== 纠错+结构化 (17410ms) ===
现在开始录制。除了主营业务商品之外，企业还会通过其他业务获得收入。就前面的例子来看，当上司将货物售出时，这不一定属于主营业务。这些业务收入体现在账本上，我认为利润表的核心内容不仅包括主营业务收入，还涉及技术转让收入、产品销售收入、物流运输等工业性劳务收入，这些都属于企业收入的一部分，而且它们往往与企业的主要经营活动相关。此外，在某些情况下，企业还会获得投资利润、利息收入，扣除相关损失后，构成一定的收益。总体而言，企业收入的主要来源包括这几个部分。有些人可能不太理解，那我们来梳理一下业务流程。业务流程包含从采购到销售的一系列基本环节。在采购和销售之下，又包含若干个具体的作业环节，作业是一个比业务更小的概念，可以看作是一个连结业务的活动。当一项活动得以完成，实际上就是业务流程中的一个步骤。所以，业务流程是可以由多个作业组成的，每个作业都会带来增值。这些增值作业最终会反映到业务收入的衡量中，也是业务运行情况的汇报依据。在这种情况下……

=== 参考：MiMo ASR ===
现在是开始录。主要的活动，业务收入是指企业除营主要品、商品之外的业务获得的收入。就前面的例子当中，那个上司他把车卖了，一定不是主营业务。它的业务收入体现在表上，认为利润表和核心利润表是不是这样？再比如其他业务还包括技术转让、代工、出租、劳务等，这些工业性劳务收入都叫附属于收入。是主营业务部分呢？所以，正是因企业的业务既不主要的，又……而且我们的情况它是企业投资的利润的利息，它的减去损失是一个收益的。大概上来讲，主要的来源涉及这样的几点。那一步一步理解。那现在有几个人一起说你怎么了？那我们来数一下你的业务层。呃，业务层我们能包含：你进购、超市进行销售、赚取基本的业务层、采购的销售之下，又包括若干个作业。作业比业务更小概念，可以称是一个工作。一个动作连接成了业务这项动作的完成，所以实际上是可业务流程一部分的。真的？那如果我细的去下看，你的业务能由若干个作业构成。每个作业增值了，增值的作业会带来收入。如何量收？这不重要。而如何量收入也是以业务形态来。会吧？在这样情况下。
